{
  "version": "1.5.0",
  "plugins_used": [
    {
      "name": "ArtifactoryDetector"
    },
    {
      "name": "AWSKeyDetector"
    },
    {
      "name": "AzureStorageKeyDetector"
    },
    {
      "name": "Base64HighEntropyString",
      "limit": 4.5
    },
    {
      "name": "BasicAuthDetector"
    },
    {
      "name": "CloudantDetector"
    },
    {
      "name": "DiscordBotTokenDetector"
    },
    {
      "name": "GitHubTokenDetector"
    },
    {
      "name": "GitLabTokenDetector"
    },
    {
      "name": "HexHighEntropyString",
      "limit": 3.0
    },
    {
      "name": "IbmCloudIamDetector"
    },
    {
      "name": "IbmCosHmacDetector"
    },
    {
      "name": "IPPublicDetector"
    },
    {
      "name": "JwtTokenDetector"
    },
    {
      "name": "KeywordDetector",
      "keyword_exclude": ""
    },
    {
      "name": "MailchimpDetector"
    },
    {
      "name": "NpmDetector"
    },
    {
      "name": "OpenAIDetector"
    },
    {
      "name": "PrivateKeyDetector"
    },
    {
      "name": "PypiTokenDetector"
    },
    {
      "name": "SendGridDetector"
    },
    {
      "name": "SlackDetector"
    },
    {
      "name": "SoftlayerDetector"
    },
    {
      "name": "SquareOAuthDetector"
    },
    {
      "name": "StripeDetector"
    },
    {
      "name": "TelegramBotTokenDetector"
    },
    {
      "name": "TwilioKeyDetector"
    }
  ],
  "filters_used": [
    {
      "path": "detect_secrets.filters.allowlist.is_line_allowlisted"
    },
    {
      "path": "detect_secrets.filters.common.is_baseline_file",
      "filename": ".secrets.baseline"
    },
    {
      "path": "detect_secrets.filters.common.is_ignored_due_to_verification_policies",
      "min_level": 2
    },
    {
      "path": "detect_secrets.filters.heuristic.is_indirect_reference"
    },
    {
      "path": "detect_secrets.filters.heuristic.is_likely_id_string"
    },
    {
      "path": "detect_secrets.filters.heuristic.is_lock_file"
    },
    {
      "path": "detect_secrets.filters.heuristic.is_not_alphanumeric_string"
    },
    {
      "path": "detect_secrets.filters.heuristic.is_potential_uuid"
    },
    {
      "path": "detect_secrets.filters.heuristic.is_prefixed_with_dollar_sign"
    },
    {
      "path": "detect_secrets.filters.heuristic.is_sequential_string"
    },
    {
      "path": "detect_secrets.filters.heuristic.is_swagger_file"
    },
    {
      "path": "detect_secrets.filters.heuristic.is_templated_secret"
    }
  ],
  "results": {
    "openspec/changes/archive/2026-09-04-add-secret-redaction-plugin/design.md": [
      {
        "type": "Basic Auth Credentials",
        "filename": "openspec/changes/archive/2026-09-04-add-secret-redaction-plugin/design.md",
        "hashed_secret": "9d4e1e23bd5b727046a9e3b4b7db57bd8d6ee684",
        "is_verified": false,
        "line_number": 189,
        "is_secret": false
      }
    ],
    "openspec/changes/archive/2026-09-04-add-secret-redaction-plugin/tasks.md": [
      {
        "type": "Base64 High Entropy String",
        "filename": "openspec/changes/archive/2026-09-04-add-secret-redaction-plugin/tasks.md",
        "hashed_secret": "7b61883f0f1ab53e420ede60c0a8e924d0acaa7c",
        "is_verified": false,
        "line_number": 52,
        "is_secret": false
      }
    ],
    "src/redact.js": [
      {
        "type": "Basic Auth Credentials",
        "filename": "src/redact.js",
        "hashed_secret": "9d4e1e23bd5b727046a9e3b4b7db57bd8d6ee684",
        "is_verified": false,
        "line_number": 96,
        "is_secret": false
      }
    ],
    "test/fixtures.js": [
      {
        "type": "Base64 High Entropy String",
        "filename": "test/fixtures.js",
        "hashed_secret": "f59f2353a975d63096316dcc6c59d997a595233c",
        "is_verified": false,
        "line_number": 13,
        "is_secret": false
      },
      {
        "type": "Secret Keyword",
        "filename": "test/fixtures.js",
        "hashed_secret": "f59f2353a975d63096316dcc6c59d997a595233c",
        "is_verified": false,
        "line_number": 13,
        "is_secret": false
      },
      {
        "type": "Base64 High Entropy String",
        "filename": "test/fixtures.js",
        "hashed_secret": "40946418be44b0bbf3a75c7e945a2a4ea01b8eca",
        "is_verified": false,
        "line_number": 16,
        "is_secret": false
      },
      {
        "type": "Base64 High Entropy String",
        "filename": "test/fixtures.js",
        "hashed_secret": "5e68dab1872892d7d47da6bcae1216f96ec33609",
        "is_verified": false,
        "line_number": 18,
        "is_secret": false
      },
      {
        "type": "Base64 High Entropy String",
        "filename": "test/fixtures.js",
        "hashed_secret": "64f28a5bf6b6b45ee3248c00db8f053836d20c3f",
        "is_verified": false,
        "line_number": 20,
        "is_secret": false
      },
      {
        "type": "Base64 High Entropy String",
        "filename": "test/fixtures.js",
        "hashed_secret": "09e0a5f53be04c67172b3cfe550477cad06e00d6",
        "is_verified": false,
        "line_number": 22,
        "is_secret": false
      },
      {
        "type": "Base64 High Entropy String",
        "filename": "test/fixtures.js",
        "hashed_secret": "332e778ec7ecafecd0007e342e8c199c29b70f3f",
        "is_verified": false,
        "line_number": 23,
        "is_secret": false
      },
      {
        "type": "Base64 High Entropy String",
        "filename": "test/fixtures.js",
        "hashed_secret": "9df3c58380a8ee15930a2eb13cea0a4922c577a0",
        "is_verified": false,
        "line_number": 26,
        "is_secret": false
      },
      {
        "type": "Private Key",
        "filename": "test/fixtures.js",
        "hashed_secret": "1348b145fa1a555461c1b790a2f66614781091e9",
        "is_verified": false,
        "line_number": 32,
        "is_secret": false
      },
      {
        "type": "Private Key",
        "filename": "test/fixtures.js",
        "hashed_secret": "be4fc4886bd949b369d5e092eb87494f12e57e5b",
        "is_verified": false,
        "line_number": 48,
        "is_secret": false
      },
      {
        "type": "NPM tokens",
        "filename": "test/fixtures.js",
        "hashed_secret": "f7931d54465205cb525f5c8420da7cf4b3cc4308",
        "is_verified": false,
        "line_number": 54,
        "is_secret": false
      },
      {
        "type": "Basic Auth Credentials",
        "filename": "test/fixtures.js",
        "hashed_secret": "38a37a0e139ee128dc8118ffd51a361b56e4f34f",
        "is_verified": false,
        "line_number": 56,
        "is_secret": false
      },
      {
        "type": "Basic Auth Credentials",
        "filename": "test/fixtures.js",
        "hashed_secret": "ae2bbbf79160b184a76a803c05dc768225db5aa1",
        "is_verified": false,
        "line_number": 61,
        "is_secret": false
      },
      {
        "type": "Base64 High Entropy String",
        "filename": "test/fixtures.js",
        "hashed_secret": "20e4cba570dfcecac0bb692f2a36133eb760cc8c",
        "is_verified": false,
        "line_number": 67,
        "is_secret": false
      },
      {
        "type": "Base64 High Entropy String",
        "filename": "test/fixtures.js",
        "hashed_secret": "1ad022fb0dca3ac517ce28c72b9f4ff4cd1506c2",
        "is_verified": false,
        "line_number": 76,
        "is_secret": false
      },
      {
        "type": "GitHub Token",
        "filename": "test/fixtures.js",
        "hashed_secret": "e175c6f5f2a92e8623bd9a4820edb4e8c1b0fd10",
        "is_verified": false,
        "line_number": 77,
        "is_secret": false
      },
      {
        "type": "Base64 High Entropy String",
        "filename": "test/fixtures.js",
        "hashed_secret": "ff710f15aabf3e96e11af9b0bfc454eb30a5031d",
        "is_verified": false,
        "line_number": 77,
        "is_secret": false
      },
      {
        "type": "Base64 High Entropy String",
        "filename": "test/fixtures.js",
        "hashed_secret": "5f0210cc5f5fc3854ea1b2dab0af2dc766cd2827",
        "is_verified": false,
        "line_number": 78,
        "is_secret": false
      },
      {
        "type": "GitLab Token",
        "filename": "test/fixtures.js",
        "hashed_secret": "f68bd4ab942f012db29f09bbcc991e17768aaafa",
        "is_verified": false,
        "line_number": 78,
        "is_secret": false
      },
      {
        "type": "Base64 High Entropy String",
        "filename": "test/fixtures.js",
        "hashed_secret": "05f841cfe29c7106ca7b9c76bb2a3a8ac774c1d2",
        "is_verified": false,
        "line_number": 83,
        "is_secret": false
      },
      {
        "type": "Base64 High Entropy String",
        "filename": "test/fixtures.js",
        "hashed_secret": "e2bce9c63fac3209fb06b469b87e3b7d232595bc",
        "is_verified": false,
        "line_number": 101,
        "is_secret": false
      },
      {
        "type": "Base64 High Entropy String",
        "filename": "test/fixtures.js",
        "hashed_secret": "12f028600daf63d3fe49ba3a9ec3b7e5262314aa",
        "is_verified": false,
        "line_number": 108,
        "is_secret": false
      },
      {
        "type": "Base64 High Entropy String",
        "filename": "test/fixtures.js",
        "hashed_secret": "16e0ad0d672dea66afc87374a4d4fc36740a93f9",
        "is_verified": false,
        "line_number": 130,
        "is_secret": false
      },
      {
        "type": "Base64 High Entropy String",
        "filename": "test/fixtures.js",
        "hashed_secret": "e0d683f47831b3ca437d2bfc8124d026130cee05",
        "is_verified": false,
        "line_number": 142,
        "is_secret": false
      }
    ],
    "test/index.test.js": [
      {
        "type": "Base64 High Entropy String",
        "filename": "test/index.test.js",
        "hashed_secret": "7b61883f0f1ab53e420ede60c0a8e924d0acaa7c",
        "is_verified": false,
        "line_number": 58,
        "is_secret": false
      },
      {
        "type": "Base64 High Entropy String",
        "filename": "test/index.test.js",
        "hashed_secret": "f59f2353a975d63096316dcc6c59d997a595233c",
        "is_verified": false,
        "line_number": 61,
        "is_secret": false
      },
      {
        "type": "Secret Keyword",
        "filename": "test/index.test.js",
        "hashed_secret": "f59f2353a975d63096316dcc6c59d997a595233c",
        "is_verified": false,
        "line_number": 91,
        "is_secret": false
      }
    ],
    "test/redact.test.js": [
      {
        "type": "Hex High Entropy String",
        "filename": "test/redact.test.js",
        "hashed_secret": "25e52f63408ab602142f6a86c062cbe5215f2b38",
        "is_verified": false,
        "line_number": 42,
        "is_secret": false
      },
      {
        "type": "Hex High Entropy String",
        "filename": "test/redact.test.js",
        "hashed_secret": "6a9e1a60d7bd0e4de56b42e905f6d9d94970ae15",
        "is_verified": false,
        "line_number": 76,
        "is_secret": false
      },
      {
        "type": "Base64 High Entropy String",
        "filename": "test/redact.test.js",
        "hashed_secret": "7b61883f0f1ab53e420ede60c0a8e924d0acaa7c",
        "is_verified": false,
        "line_number": 199,
        "is_secret": false
      }
    ],
    "test/secretlint.test.js": [
      {
        "type": "Base64 High Entropy String",
        "filename": "test/secretlint.test.js",
        "hashed_secret": "7b61883f0f1ab53e420ede60c0a8e924d0acaa7c",
        "is_verified": false,
        "line_number": 65,
        "is_secret": false
      }
    ]
  },
  "generated_at": "2026-09-04T12:52:53Z"
}
